
> student-mentor-backend@1.0.0 test
> jest

node.exe : FAIL tests/ai.test.js (12.697 s)
At line:1 char:1
+ & "C:\Program Files\nodejs/node.exe" "C:\Program Files\nodejs/node_mo ...
+ ~~~~~~~~~~~~~~~~~~~~~~~~~~~~~~~~~~~~~~~~~~~~~~~~~~~~~~~~~~~~~~~~~~~~~
    + CategoryInfo          : NotSpecified: (FAIL tests/ai.test.js (12.697 s):String) [], RemoteException
    + FullyQualifiedErrorId : NativeCommandError
 
  ΓùÅ Console

    console.log
      [2026-03-06 03:38:12] [32MINFO[39M: ::ffff:127.0.0.1 - - [05/Mar/2026:22:08:12 +0000] "POST 
/api/v1/auth/register HTTP/1.1" 201 368 "-" "-"

      at Console.log (node_modules/winston/lib/winston/transports/console.js:87:23)

    console.log
      [2026-03-06 03:38:12] [32MINFO[39M: ::ffff:127.0.0.1 - - [05/Mar/2026:22:08:12 +0000] "POST /api/ai/chat/new 
HTTP/1.1" 201 614 "-" "-"

      at Console.log (node_modules/winston/lib/winston/transports/console.js:87:23)

    console.log
      [2026-03-06 03:38:14] [32MINFO[39M: ::ffff:127.0.0.1 - - [05/Mar/2026:22:08:14 +0000] "POST 
/api/v1/auth/register HTTP/1.1" 201 368 "-" "-"

      at Console.log (node_modules/winston/lib/winston/transports/console.js:87:23)

    console.log
      [2026-03-06 03:38:14] [32MINFO[39M: ::ffff:127.0.0.1 - - [05/Mar/2026:22:08:14 +0000] "POST /api/ai/chat/new 
HTTP/1.1" 401 78 "-" "-"

      at Console.log (node_modules/winston/lib/winston/transports/console.js:87:23)

    console.log
      [2026-03-06 03:38:14] [32MINFO[39M: ::ffff:127.0.0.1 - - [05/Mar/2026:22:08:14 +0000] "POST 
/api/v1/auth/register HTTP/1.1" 201 368 "-" "-"

      at Console.log (node_modules/winston/lib/winston/transports/console.js:87:23)

    console.log
      [2026-03-06 03:38:15] [32MINFO[39M: ::ffff:127.0.0.1 - - [05/Mar/2026:22:08:15 +0000] "POST /api/ai/chat/new 
HTTP/1.1" 400 80 "-" "-"

      at Console.log (node_modules/winston/lib/winston/transports/console.js:87:23)

    console.log
      [2026-03-06 03:38:15] [32MINFO[39M: ::ffff:127.0.0.1 - - [05/Mar/2026:22:08:15 +0000] "POST 
/api/v1/auth/register HTTP/1.1" 201 368 "-" "-"

      at Console.log (node_modules/winston/lib/winston/transports/console.js:87:23)

    console.log
      [2026-03-06 03:38:15] [32MINFO[39M: ::ffff:127.0.0.1 - - [05/Mar/2026:22:08:15 +0000] "POST /api/ai/chat/new 
HTTP/1.1" 201 602 "-" "-"

      at Console.log (node_modules/winston/lib/winston/transports/console.js:87:23)

    console.log
      [2026-03-06 03:38:15] [32MINFO[39M: ::ffff:127.0.0.1 - - [05/Mar/2026:22:08:15 +0000] "POST /api/ai/chat 
HTTP/1.1" 200 138 "-" "-"

      at Console.log (node_modules/winston/lib/winston/transports/console.js:87:23)

  ΓùÅ AI Chat API Endpoints ΓÇ║ POST /api/ai/chat (continue) ΓÇ║ should continue chat with existing chatId

    expect(received).toMatch(expected)

    Expected pattern: /solve your doubt/i
    Received string:  "General response with a story!"

    [0m [90m 75 |[39m             expect(res[33m.[39mstatusCode)[33m.[39mtoBe([35m200[39m)[33m;[39m
     [90m 76 |[39m             expect(res[33m.[39mbody[33m.[39msuccess)[33m.[39mtoBe([36mtrue[39m)[33m;[39m
    [31m[1m>[22m[39m[90m 77 |[39m             
expect(res[33m.[39mbody[33m.[39mdata[33m.[39mmessage)[33m.[39mtoMatch([35m/solve your doubt/i[39m)[33m;[39m
     [90m    |[39m                                           [31m[1m^[22m[39m
     [90m 78 |[39m
     [90m 79 |[39m             [90m// DB should now have 4 messages (2 from before + 2 new)[39m
     [90m 80 |[39m             [36mconst[39m chat [33m=[39m [36mawait[39m 
[33mChat[39m[33m.[39mfindById(chatId)[33m;[39m[0m

      at Object.toMatch (tests/ai.test.js:77:43)

FAIL tests/roadmap.test.js (13.581 s)
  ΓùÅ Console

    console.log
      [2026-03-06 03:38:14] [32MINFO[39M: ::ffff:127.0.0.1 - - [05/Mar/2026:22:08:14 +0000] "POST 
/api/v1/auth/register HTTP/1.1" 201 374 "-" "-"

      at Console.log (node_modules/winston/lib/winston/transports/console.js:87:23)

    console.log
      [2026-03-06 03:38:14] [31MERROR[39M: Failed to parse roadmap AI response: Unexpected token 'G', "Generic 
response" is not valid JSON

      at Console.log (node_modules/winston/lib/winston/transports/console.js:87:23)

    console.log
      [2026-03-06 03:38:14] [32MINFO[39M: Roadmap generated for user 69a9feccf29219e2014f634c: "Web Dev Learning 
Roadmap" (8 weeks)

      at Console.log (node_modules/winston/lib/winston/transports/console.js:87:23)

    console.log
      [2026-03-06 03:38:14] [32MINFO[39M: ::ffff:127.0.0.1 - - [05/Mar/2026:22:08:14 +0000] "POST 
/api/v1/roadmaps/generate HTTP/1.1" 201 6184 "-" "-"

      at Console.log (node_modules/winston/lib/winston/transports/console.js:87:23)

    console.log
      [2026-03-06 03:38:15] [32MINFO[39M: ::ffff:127.0.0.1 - - [05/Mar/2026:22:08:15 +0000] "POST 
/api/v1/auth/register HTTP/1.1" 201 374 "-" "-"

      at Console.log (node_modules/winston/lib/winston/transports/console.js:87:23)

    console.log
      [2026-03-06 03:38:15] [32MINFO[39M: ::ffff:127.0.0.1 - - [05/Mar/2026:22:08:15 +0000] "POST 
/api/v1/roadmaps/generate HTTP/1.1" 400 239 "-" "-"

      at Console.log (node_modules/winston/lib/winston/transports/console.js:87:23)

    console.log
      [2026-03-06 03:38:15] [32MINFO[39M: ::ffff:127.0.0.1 - - [05/Mar/2026:22:08:15 +0000] "POST 
/api/v1/auth/register HTTP/1.1" 201 374 "-" "-"

      at Console.log (node_modules/winston/lib/winston/transports/console.js:87:23)

    console.log
      [2026-03-06 03:38:15] [31MERROR[39M: Failed to parse roadmap AI response: Unexpected token 'G', "Generic 
response" is not valid JSON

      at Console.log (node_modules/winston/lib/winston/transports/console.js:87:23)

    console.log
      [2026-03-06 03:38:15] [32MINFO[39M: Roadmap generated for user 69a9fecff29219e2014f6380: "Web Dev Learning 
Roadmap" (8 weeks)

      at Console.log (node_modules/winston/lib/winston/transports/console.js:87:23)

    console.log
      [2026-03-06 03:38:15] [32MINFO[39M: ::ffff:127.0.0.1 - - [05/Mar/2026:22:08:15 +0000] "POST 
/api/v1/roadmaps/generate HTTP/1.1" 201 6184 "-" "-"

      at Console.log (node_modules/winston/lib/winston/transports/console.js:87:23)

    console.log
      [2026-03-06 03:38:15] [32MINFO[39M: ::ffff:127.0.0.1 - - [05/Mar/2026:22:08:15 +0000] "PUT 
/api/v1/roadmaps/69a9fecff29219e2014f6383/milestones/69a9fecff29219e2014f6384/complete HTTP/1.1" 200 6212 "-" "-"

      at Console.log (node_modules/winston/lib/winston/transports/console.js:87:23)

    console.log
      [2026-03-06 03:38:16] [32MINFO[39M: ::ffff:127.0.0.1 - - [05/Mar/2026:22:08:16 +0000] "POST 
/api/v1/auth/register HTTP/1.1" 201 374 "-" "-"

      at Console.log (node_modules/winston/lib/winston/transports/console.js:87:23)

    console.log
      [2026-03-06 03:38:16] [31MERROR[39M: Failed to parse roadmap AI response: Unexpected token 'G', "Generic 
response" is not valid JSON

      at Console.log (node_modules/winston/lib/winston/transports/console.js:87:23)

    console.log
      [2026-03-06 03:38:16] [32MINFO[39M: Roadmap generated for user 69a9fecff29219e2014f63ce: "Web Dev Learning 
Roadmap" (8 weeks)

      at Console.log (node_modules/winston/lib/winston/transports/console.js:87:23)

    console.log
      [2026-03-06 03:38:16] [32MINFO[39M: ::ffff:127.0.0.1 - - [05/Mar/2026:22:08:16 +0000] "POST 
/api/v1/roadmaps/generate HTTP/1.1" 201 6184 "-" "-"

      at Console.log (node_modules/winston/lib/winston/transports/console.js:87:23)

    console.log
      [2026-03-06 03:38:16] [31MERROR[39M: Failed to parse roadmap AI response: Unexpected token 'G', "Generic 
response" is not valid JSON

      at Console.log (node_modules/winston/lib/winston/transports/console.js:87:23)

    console.log
      [2026-03-06 03:38:16] [32MINFO[39M: ::ffff:127.0.0.1 - - [05/Mar/2026:22:08:16 +0000] "PUT 
/api/v1/roadmaps/69a9fed0f29219e2014f63d1/refine HTTP/1.1" 200 6192 "-" "-"

      at Console.log (node_modules/winston/lib/winston/transports/console.js:87:23)

  ΓùÅ Roadmap API Endpoints ΓÇ║ POST /api/v1/roadmaps/generate ΓÇ║ should generate a roadmap

    expect(received).toHaveLength(expected)

    Expected length: 2
    Received length: 8
    Received array:  [{"_id": "69a9fecef29219e2014f6350", "concepts": ["Web Dev concept for week 1"], "description": 
"Continue building Web Dev skills towards: Full Stack", "estimatedHours": 10, "isCompleted": false, "order": 1, 
"practiceTasks": [{"_id": "69a9fecef29219e2014f6351", "description": "Hands-on practice", "isCompleted": false, 
"title": "Practice exercise 1", "type": "exercise"}, {"_id": "69a9fecef29219e2014f6352", "description": "Test your 
understanding", "isCompleted": false, "title": "Review quiz 1", "type": "quiz"}], "projects": [{"_id": 
"69a9fecef29219e2014f6353", "description": "Apply what you learned", "difficulty": "easy", "isCompleted": false, 
"title": "Week 1 project"}], "resources": [], "title": "Week 1: Web Dev - Phase 1", "week": 1}, {"_id": 
"69a9fecef29219e2014f6354", "concepts": ["Web Dev concept for week 2"], "description": "Continue building Web Dev 
skills towards: Full Stack", "estimatedHours": 10, "isCompleted": false, "order": 2, "practiceTasks": [{"_id": 
"69a9fecef29219e2014f6355", "description": "Hands-on practice", "isCompleted": false, "title": "Practice exercise 2", 
"type": "exercise"}, {"_id": "69a9fecef29219e2014f6356", "description": "Test your understanding", "isCompleted": 
false, "title": "Review quiz 2", "type": "quiz"}], "projects": [{"_id": "69a9fecef29219e2014f6357", "description": 
"Apply what you learned", "difficulty": "easy", "isCompleted": false, "title": "Week 2 project"}], "resources": [], 
"title": "Week 2: Web Dev - Phase 1", "week": 2}, {"_id": "69a9fecef29219e2014f6358", "concepts": ["Web Dev concept 
for week 3"], "description": "Continue building Web Dev skills towards: Full Stack", "estimatedHours": 10, 
"isCompleted": false, "order": 3, "practiceTasks": [{"_id": "69a9fecef29219e2014f6359", "description": "Hands-on 
practice", "isCompleted": false, "title": "Practice exercise 3", "type": "exercise"}, {"_id": 
"69a9fecef29219e2014f635a", "description": "Test your understanding", "isCompleted": false, "title": "Review quiz 3", 
"type": "quiz"}], "projects": [{"_id": "69a9fecef29219e2014f635b", "description": "Apply what you learned", 
"difficulty": "medium", "isCompleted": false, "title": "Week 3 project"}], "resources": [], "title": "Week 3: Web Dev 
- Phase 2", "week": 3}, {"_id": "69a9fecef29219e2014f635c", "concepts": ["Web Dev concept for week 4"], "description": 
"Continue building Web Dev skills towards: Full Stack", "estimatedHours": 10, "isCompleted": false, "order": 4, 
"practiceTasks": [{"_id": "69a9fecef29219e2014f635d", "description": "Hands-on practice", "isCompleted": false, 
"title": "Practice exercise 4", "type": "exercise"}, {"_id": "69a9fecef29219e2014f635e", "description": "Test your 
understanding", "isCompleted": false, "title": "Review quiz 4", "type": "quiz"}], "projects": [{"_id": 
"69a9fecef29219e2014f635f", "description": "Apply what you learned", "difficulty": "medium", "isCompleted": false, 
"title": "Week 4 project"}], "resources": [], "title": "Week 4: Web Dev - Phase 2", "week": 4}, {"_id": 
"69a9fecef29219e2014f6360", "concepts": ["Web Dev concept for week 5"], "description": "Continue building Web Dev 
skills towards: Full Stack", "estimatedHours": 10, "isCompleted": false, "order": 5, "practiceTasks": [{"_id": 
"69a9fecef29219e2014f6361", "description": "Hands-on practice", "isCompleted": false, "title": "Practice exercise 5", 
"type": "exercise"}, {"_id": "69a9fecef29219e2014f6362", "description": "Test your understanding", "isCompleted": 
false, "title": "Review quiz 5", "type": "quiz"}], "projects": [{"_id": "69a9fecef29219e2014f6363", "description": 
"Apply what you learned", "difficulty": "medium", "isCompleted": false, "title": "Week 5 project"}], "resources": [], 
"title": "Week 5: Web Dev - Phase 2", "week": 5}, {"_id": "69a9fecef29219e2014f6364", "concepts": ["Web Dev concept 
for week 6"], "description": "Continue building Web Dev skills towards: Full Stack", "estimatedHours": 10, 
"isCompleted": false, "order": 6, "practiceTasks": [{"_id": "69a9fecef29219e2014f6365", "description": "Hands-on 
practice", "isCompleted": false, "title": "Practice exercise 6", "type": "exercise"}, {"_id": 
"69a9fecef29219e2014f6366", "description": "Test your understanding", "isCompleted": false, "title": "Review quiz 6", 
"type": "quiz"}], "projects": [{"_id": "69a9fecef29219e2014f6367", "description": "Apply what you learned", 
"difficulty": "hard", "isCompleted": false, "title": "Week 6 project"}], "resources": [], "title": "Week 6: Web Dev - 
Phase 3", "week": 6}, {"_id": "69a9fecef29219e2014f6368", "concepts": ["Web Dev concept for week 7"], "description": 
"Continue building Web Dev skills towards: Full Stack", "estimatedHours": 10, "isCompleted": false, "order": 7, 
"practiceTasks": [{"_id": "69a9fecef29219e2014f6369", "description": "Hands-on practice", "isCompleted": false, 
"title": "Practice exercise 7", "type": "exercise"}, {"_id": "69a9fecef29219e2014f636a", "description": "Test your 
understanding", "isCompleted": false, "title": "Review quiz 7", "type": "quiz"}], "projects": [{"_id": 
"69a9fecef29219e2014f636b", "description": "Apply what you learned", "difficulty": "hard", "isCompleted": false, 
"title": "Week 7 project"}], "resources": [], "title": "Week 7: Web Dev - Phase 3", "week": 7}, {"_id": 
"69a9fecef29219e2014f636c", "concepts": ["Web Dev concept for week 8"], "description": "Continue building Web Dev 
skills towards: Full Stack", "estimatedHours": 10, "isCompleted": false, "order": 8, "practiceTasks": [{"_id": 
"69a9fecef29219e2014f636d", "description": "Hands-on practice", "isCompleted": false, "title": "Practice exercise 8", 
"type": "exercise"}, {"_id": "69a9fecef29219e2014f636e", "description": "Test your understanding", "isCompleted": 
false, "title": "Review quiz 8", "type": "quiz"}], "projects": [{"_id": "69a9fecef29219e2014f636f", "description": 
"Apply what you learned", "difficulty": "hard", "isCompleted": false, "title": "Week 8 project"}], "resources": [], 
"title": "Week 8: Web Dev - Phase 3", "week": 8}]

    [0m [90m 60 |[39m             expect(res[33m.[39mstatusCode)[33m.[39mtoBe([35m201[39m)[33m;[39m
     [90m 61 |[39m             expect(res[33m.[39mbody[33m.[39msuccess)[33m.[39mtoBe([36mtrue[39m)[33m;[39m
    [31m[1m>[22m[39m[90m 62 |[39m             
expect(res[33m.[39mbody[33m.[39mdata[33m.[39mmilestones)[33m.[39mtoHaveLength([35m2[39m)[33m;[39m
     [90m    |[39m                                              [31m[1m^[22m[39m
     [90m 63 |[39m             
expect(res[33m.[39mbody[33m.[39mdata[33m.[39mtitle)[33m.[39mtoBeDefined()[33m;[39m
     [90m 64 |[39m         })[33m;[39m
     [90m 65 |[39m[0m

      at Object.toHaveLength (tests/roadmap.test.js:62:46)

  ΓùÅ Roadmap API Endpoints ΓÇ║ Roadmap Milestone Completion ΓÇ║ should complete milestone and update progress

    expect(received).toBe(expected) // Object.is equality

    Expected: 50
    Received: 13

    [0m [90m  99 |[39m
     [90m 100 |[39m             expect(res[33m.[39mstatusCode)[33m.[39mtoBe([35m200[39m)[33m;[39m
    [31m[1m>[22m[39m[90m 101 |[39m             
expect(res[33m.[39mbody[33m.[39mdata[33m.[39mprogressPercentage)[33m.[39mtoBe([35m50[39m)[33m;[39m [90m// 
1 out of 2 completed[39m
     [90m     |[39m                                                      [31m[1m^[22m[39m
     [90m 102 |[39m         })[33m;[39m
     [90m 103 |[39m
     [90m 104 |[39m         it([32m'should refine a milestone'[39m[33m,[39m [36masync[39m () [33m=>[39m {[0m

      at Object.toBe (tests/roadmap.test.js:101:54)

  ΓùÅ Roadmap API Endpoints ΓÇ║ Roadmap Milestone Completion ΓÇ║ should refine a milestone

    expect(received).toBe(expected) // Object.is equality

    Expected: "Refined Week"
    Received: "Week 1: Web Dev - Phase 1"

    [0m [90m 109 |[39m
     [90m 110 |[39m             expect(res[33m.[39mstatusCode)[33m.[39mtoBe([35m200[39m)[33m;[39m
    [31m[1m>[22m[39m[90m 111 |[39m             expect(res[33m.[39mbody[33m.[39mdata[33m.[39mmilestones[[35
m0[39m][33m.[39mtitle)[33m.[39mtoBe([32m'Refined Week'[39m)[33m;[39m
     [90m     |[39m                                                       [31m[1m^[22m[39m
     [90m 112 |[39m         })[33m;[39m
     [90m 113 |[39m     })[33m;[39m
     [90m 114 |[39m })[33m;[39m[0m

      at Object.toBe (tests/roadmap.test.js:111:55)

FAIL tests/auth.test.js (18.736 s)
  ΓùÅ Console

    console.log
      [2026-03-06 03:38:12] [32MINFO[39M: ::ffff:127.0.0.1 - - [05/Mar/2026:22:08:12 +0000] "POST 
/api/v1/auth/register HTTP/1.1" 201 378 "-" "-"

      at Console.log (node_modules/winston/lib/winston/transports/console.js:87:23)

    console.log
      [2026-03-06 03:38:14] [31MERROR[39M: [POST] /api/v1/auth/register ΓåÆ 400: Email already registered
      Error: Email already registered
          at AuthService.register (C:\Users\chinn\OneDrive\Desktop\Student 
Mentor\backend\services\authService.js:18:33)
          at processTicksAndRejections (node:internal/process/task_queues:103:5)
          at C:\Users\chinn\OneDrive\Desktop\Student Mentor\backend\controllers\authController.js:8:20

      at Console.log (node_modules/winston/lib/winston/transports/console.js:87:23)

    console.log
      [2026-03-06 03:38:14] [32MINFO[39M: ::ffff:127.0.0.1 - - [05/Mar/2026:22:08:14 +0000] "POST 
/api/v1/auth/register HTTP/1.1" 400 66 "-" "-"

      at Console.log (node_modules/winston/lib/winston/transports/console.js:87:23)

    console.log
      [2026-03-06 03:38:14] [32MINFO[39M: ::ffff:127.0.0.1 - - [05/Mar/2026:22:08:14 +0000] "POST 
/api/v1/auth/register HTTP/1.1" 400 80 "-" "-"

      at Console.log (node_modules/winston/lib/winston/transports/console.js:87:23)

    console.log
      [2026-03-06 03:38:15] [32MINFO[39M: ::ffff:127.0.0.1 - - [05/Mar/2026:22:08:15 +0000] "POST 
/api/v1/auth/register HTTP/1.1" 201 378 "-" "-"

      at Console.log (node_modules/winston/lib/winston/transports/console.js:87:23)

    console.log
      [2026-03-06 03:38:15] [32MINFO[39M: ::ffff:127.0.0.1 - - [05/Mar/2026:22:08:15 +0000] "POST /api/v1/auth/login 
HTTP/1.1" 200 350 "-" "-"

      at Console.log (node_modules/winston/lib/winston/transports/console.js:87:23)

    console.log
      [2026-03-06 03:38:16] [32MINFO[39M: ::ffff:127.0.0.1 - - [05/Mar/2026:22:08:16 +0000] "POST 
/api/v1/auth/register HTTP/1.1" 201 378 "-" "-"

      at Console.log (node_modules/winston/lib/winston/transports/console.js:87:23)

    console.log
      [2026-03-06 03:38:17] [31MERROR[39M: [POST] /api/v1/auth/login ΓåÆ 401: Invalid credentials
      Error: Invalid credentials
          at AuthService.login (C:\Users\chinn\OneDrive\Desktop\Student Mentor\backend\services\authService.js:39:33)
          at C:\Users\chinn\OneDrive\Desktop\Student Mentor\backend\controllers\authController.js:15:20

      at Console.log (node_modules/winston/lib/winston/transports/console.js:87:23)

    console.log
      [2026-03-06 03:38:17] [32MINFO[39M: ::ffff:127.0.0.1 - - [05/Mar/2026:22:08:17 +0000] "POST /api/v1/auth/login 
HTTP/1.1" 401 61 "-" "-"

      at Console.log (node_modules/winston/lib/winston/transports/console.js:87:23)

    console.log
      [2026-03-06 03:38:18] [32MINFO[39M: ::ffff:127.0.0.1 - - [05/Mar/2026:22:08:18 +0000] "POST 
/api/v1/auth/register HTTP/1.1" 201 378 "-" "-"

      at Console.log (node_modules/winston/lib/winston/transports/console.js:87:23)

    console.log
      [2026-03-06 03:38:18] [31MERROR[39M: [POST] /api/v1/auth/login ΓåÆ 401: Invalid credentials
      Error: Invalid credentials
          at AuthService.login (C:\Users\chinn\OneDrive\Desktop\Student Mentor\backend\services\authService.js:34:33)
          at processTicksAndRejections (node:internal/process/task_queues:103:5)
          at C:\Users\chinn\OneDrive\Desktop\Student Mentor\backend\controllers\authController.js:15:20

      at Console.log (node_modules/winston/lib/winston/transports/console.js:87:23)

    console.log
      [2026-03-06 03:38:18] [32MINFO[39M: ::ffff:127.0.0.1 - - [05/Mar/2026:22:08:18 +0000] "POST /api/v1/auth/login 
HTTP/1.1" 401 61 "-" "-"

      at Console.log (node_modules/winston/lib/winston/transports/console.js:87:23)

    console.log
      [2026-03-06 03:38:19] [32MINFO[39M: ::ffff:127.0.0.1 - - [05/Mar/2026:22:08:19 +0000] "POST 
/api/v1/auth/register HTTP/1.1" 201 378 "-" "-"

      at Console.log (node_modules/winston/lib/winston/transports/console.js:87:23)

    console.log
      [2026-03-06 03:38:19] [32MINFO[39M: ::ffff:127.0.0.1 - - [05/Mar/2026:22:08:19 +0000] "GET /api/v1/auth/me 
HTTP/1.1" 200 283 "-" "-"

      at Console.log (node_modules/winston/lib/winston/transports/console.js:87:23)

    console.log
      [2026-03-06 03:38:19] [32MINFO[39M: ::ffff:127.0.0.1 - - [05/Mar/2026:22:08:19 +0000] "POST 
/api/v1/auth/register HTTP/1.1" 201 378 "-" "-"

      at Console.log (node_modules/winston/lib/winston/transports/console.js:87:23)

    console.log
      [2026-03-06 03:38:19] [32MINFO[39M: ::ffff:127.0.0.1 - - [05/Mar/2026:22:08:19 +0000] "GET /api/v1/auth/me 
HTTP/1.1" 401 78 "-" "-"

      at Console.log (node_modules/winston/lib/winston/transports/console.js:87:23)

    console.log
      [2026-03-06 03:38:20] [32MINFO[39M: ::ffff:127.0.0.1 - - [05/Mar/2026:22:08:20 +0000] "POST 
/api/v1/auth/register HTTP/1.1" 201 378 "-" "-"

      at Console.log (node_modules/winston/lib/winston/transports/console.js:87:23)

    console.log
      [2026-03-06 03:38:21] [31MERROR[39M: Email failed: Missing credentials for "PLAIN"

      at Console.log (node_modules/winston/lib/winston/transports/console.js:87:23)

    console.log
      [2026-03-06 03:38:21] [31MERROR[39M: Password reset email failed: Email could not be sent

      at Console.log (node_modules/winston/lib/winston/transports/console.js:87:23)

    console.log
      [2026-03-06 03:38:21] [31MERROR[39M: [POST] /api/v1/auth/forgot-password ΓåÆ 500: Email could not be sent. 
Please try again later.
      Error: Email could not be sent. Please try again later.
          at AuthService.forgotPassword (C:\Users\chinn\OneDrive\Desktop\Student 
Mentor\backend\services\authService.js:105:33)
          at processTicksAndRejections (node:internal/process/task_queues:103:5)
          at C:\Users\chinn\OneDrive\Desktop\Student Mentor\backend\controllers\authController.js:33:20

      at Console.log (node_modules/winston/lib/winston/transports/console.js:87:23)

    console.log
      [2026-03-06 03:38:21] [32MINFO[39M: ::ffff:127.0.0.1 - - [05/Mar/2026:22:08:21 +0000] "POST 
/api/v1/auth/forgot-password HTTP/1.1" 500 90 "-" "-"

      at Console.log (node_modules/winston/lib/winston/transports/console.js:87:23)

  ΓùÅ Auth API Endpoints ΓÇ║ Password Reset Flow ΓÇ║ should generate token and send email for forgot-password

    expect(received).toBe(expected) // Object.is equality

    Expected: 200
    Received: 500

    [0m [90m 120 |[39m                 [33m.[39msend({ email[33m:[39m validUser[33m.[39memail })[33m;[39m
     [90m 121 |[39m
    [31m[1m>[22m[39m[90m 122 |[39m             
expect(res[33m.[39mstatusCode)[33m.[39mtoBe([35m200[39m)[33m;[39m
     [90m     |[39m                                    [31m[1m^[22m[39m
     [90m 123 |[39m             expect(res[33m.[39mbody[33m.[39mmessage)[33m.[39mtoMatch([35m/Password reset 
email sent/i[39m)[33m;[39m
     [90m 124 |[39m
     [90m 125 |[39m             [90m// Check if user has reset token in DB[39m[0m

      at Object.toBe (tests/auth.test.js:122:36)

PASS tests/db.test.js (5.162 s)
PASS tests/diagnosis.test.js (6.76 s)
  ΓùÅ Console

    console.log
      [2026-03-06 03:38:19] [32MINFO[39M: ::ffff:127.0.0.1 - - [05/Mar/2026:22:08:19 +0000] "POST 
/api/v1/auth/register HTTP/1.1" 201 368 "-" "-"

      at Console.log (node_modules/winston/lib/winston/transports/console.js:87:23)

    console.log
      [2026-03-06 03:38:19] [32MINFO[39M: ::ffff:127.0.0.1 - - [05/Mar/2026:22:08:19 +0000] "POST 
/api/v1/skills/diagnose/start HTTP/1.1" 201 261 "-" "-"

      at Console.log (node_modules/winston/lib/winston/transports/console.js:87:23)

    console.log
      [2026-03-06 03:38:20] [32MINFO[39M: ::ffff:127.0.0.1 - - [05/Mar/2026:22:08:20 +0000] "POST 
/api/v1/auth/register HTTP/1.1" 201 368 "-" "-"

      at Console.log (node_modules/winston/lib/winston/transports/console.js:87:23)

    console.log
      [2026-03-06 03:38:20] [32MINFO[39M: ::ffff:127.0.0.1 - - [05/Mar/2026:22:08:20 +0000] "POST 
/api/v1/skills/diagnose/start HTTP/1.1" 400 118 "-" "-"

      at Console.log (node_modules/winston/lib/winston/transports/console.js:87:23)

    console.log
      [2026-03-06 03:38:21] [32MINFO[39M: ::ffff:127.0.0.1 - - [05/Mar/2026:22:08:21 +0000] "POST 
/api/v1/auth/register HTTP/1.1" 201 368 "-" "-"

      at Console.log (node_modules/winston/lib/winston/transports/console.js:87:23)

    console.log
      [2026-03-06 03:38:21] [32MINFO[39M: ::ffff:127.0.0.1 - - [05/Mar/2026:22:08:21 +0000] "POST 
/api/v1/skills/diagnose/start HTTP/1.1" 201 261 "-" "-"

      at Console.log (node_modules/winston/lib/winston/transports/console.js:87:23)

    console.log
      [2026-03-06 03:38:21] [32MINFO[39M: ::ffff:127.0.0.1 - - [05/Mar/2026:22:08:21 +0000] "GET 
/api/v1/skills/diagnose/69a9fed519b47f4eaae20dc7/current HTTP/1.1" 200 257 "-" "-"

      at Console.log (node_modules/winston/lib/winston/transports/console.js:87:23)

    console.log
      [2026-03-06 03:38:22] [32MINFO[39M: ::ffff:127.0.0.1 - - [05/Mar/2026:22:08:22 +0000] "POST 
/api/v1/auth/register HTTP/1.1" 201 368 "-" "-"

      at Console.log (node_modules/winston/lib/winston/transports/console.js:87:23)

    console.log
      [2026-03-06 03:38:22] [32MINFO[39M: ::ffff:127.0.0.1 - - [05/Mar/2026:22:08:22 +0000] "POST 
/api/v1/skills/diagnose/start HTTP/1.1" 201 261 "-" "-"

      at Console.log (node_modules/winston/lib/winston/transports/console.js:87:23)

    console.log
      [2026-03-06 03:38:22] [32MINFO[39M: ::ffff:127.0.0.1 - - [05/Mar/2026:22:08:22 +0000] "POST 
/api/v1/skills/diagnose/69a9fed619b47f4eaae20de6/answer HTTP/1.1" 200 307 "-" "-"

      at Console.log (node_modules/winston/lib/winston/transports/console.js:87:23)

    console.log
      [2026-03-06 03:38:22] [32MINFO[39M: ::ffff:127.0.0.1 - - [05/Mar/2026:22:08:22 +0000] "POST 
/api/v1/auth/register HTTP/1.1" 201 368 "-" "-"

      at Console.log (node_modules/winston/lib/winston/transports/console.js:87:23)

    console.log
      [2026-03-06 03:38:22] [32MINFO[39M: ::ffff:127.0.0.1 - - [05/Mar/2026:22:08:22 +0000] "POST 
/api/v1/skills/diagnose/start HTTP/1.1" 201 261 "-" "-"

      at Console.log (node_modules/winston/lib/winston/transports/console.js:87:23)

    console.log
      [2026-03-06 03:38:22] [32MINFO[39M: ::ffff:127.0.0.1 - - [05/Mar/2026:22:08:22 +0000] "POST 
/api/v1/skills/diagnose/69a9fed619b47f4eaae20e06/answer HTTP/1.1" 200 307 "-" "-"

      at Console.log (node_modules/winston/lib/winston/transports/console.js:87:23)

    console.log
      [2026-03-06 03:38:22] [32MINFO[39M: ::ffff:127.0.0.1 - - [05/Mar/2026:22:08:22 +0000] "POST 
/api/v1/skills/diagnose/69a9fed619b47f4eaae20e06/answer HTTP/1.1" 200 303 "-" "-"

      at Console.log (node_modules/winston/lib/winston/transports/console.js:87:23)

    console.log
      [2026-03-06 03:38:22] [32MINFO[39M: ::ffff:127.0.0.1 - - [05/Mar/2026:22:08:22 +0000] "POST 
/api/v1/skills/diagnose/69a9fed619b47f4eaae20e06/answer HTTP/1.1" 200 295 "-" "-"

      at Console.log (node_modules/winston/lib/winston/transports/console.js:87:23)

    console.log
      [2026-03-06 03:38:22] [32MINFO[39M: ::ffff:127.0.0.1 - - [05/Mar/2026:22:08:22 +0000] "POST 
/api/v1/skills/diagnose/69a9fed619b47f4eaae20e06/answer HTTP/1.1" 200 299 "-" "-"

      at Console.log (node_modules/winston/lib/winston/transports/console.js:87:23)

    console.log
      [2026-03-06 03:38:22] [32MINFO[39M: ::ffff:127.0.0.1 - - [05/Mar/2026:22:08:22 +0000] "POST 
/api/v1/skills/diagnose/69a9fed619b47f4eaae20e06/answer HTTP/1.1" 200 295 "-" "-"

      at Console.log (node_modules/winston/lib/winston/transports/console.js:87:23)

    console.log
      [2026-03-06 03:38:22] [32MINFO[39M: ::ffff:127.0.0.1 - - [05/Mar/2026:22:08:22 +0000] "POST 
/api/v1/skills/diagnose/69a9fed619b47f4eaae20e06/answer HTTP/1.1" 200 313 "-" "-"

      at Console.log (node_modules/winston/lib/winston/transports/console.js:87:23)

    console.log
      [2026-03-06 03:38:22] [32MINFO[39M: ::ffff:127.0.0.1 - - [05/Mar/2026:22:08:22 +0000] "POST 
/api/v1/skills/diagnose/69a9fed619b47f4eaae20e06/answer HTTP/1.1" 200 317 "-" "-"

      at Console.log (node_modules/winston/lib/winston/transports/console.js:87:23)

    console.log
      [2026-03-06 03:38:22] [32MINFO[39M: ::ffff:127.0.0.1 - - [05/Mar/2026:22:08:22 +0000] "POST 
/api/v1/skills/diagnose/69a9fed619b47f4eaae20e06/answer HTTP/1.1" 200 313 "-" "-"

      at Console.log (node_modules/winston/lib/winston/transports/console.js:87:23)

    console.log
      [2026-03-06 03:38:22] [32MINFO[39M: ::ffff:127.0.0.1 - - [05/Mar/2026:22:08:22 +0000] "POST 
/api/v1/skills/diagnose/69a9fed619b47f4eaae20e06/answer HTTP/1.1" 200 358 "-" "-"

      at Console.log (node_modules/winston/lib/winston/transports/console.js:87:23)


Test Suites: 3 failed, 2 passed, 5 total
Tests:       5 failed, 20 passed, 25 total
Snapshots:   0 total
Time:        20.431 s
Ran all test suites.
